// Jest Snapshot v1, https://goo.gl/fbAQLP

exports[`>>>AddDictionaryComponent  +++capturing Snapshot of AddDictionaryComponent +++capturing Snapshot of AddDictionaryComponent 1`] = `
<div
  className="sc-htpNat ipTrYu"
  onClick={[Function]}
>
  <p>
     Add Dictionary 
  </p>
</div>
`;
